---
source: crates/cestory/tests/test_serde.rs
expression: de

---
Ok(
    V1 {
        a: 42,
        c: 0,
        b: 24,
    },
)
